// Vitest Snapshot v1, https://vitest.dev/guide/snapshot.html

exports[`ManageCreateButton > matches the default snapshot 1`] = `
<button
  class="h-8 bg-brand hover:bg-brand/90 text-white text-xs font-semibold px-4.5 rounded-sm flex items-center gap-1.5 cursor-pointer shadow-sm shadow-brand/10 transition-all select-none flex-1 xl:flex-none justify-center disabled:opacity-60 disabled:cursor-not-allowed"
  type="button"
>
  <svg
    aria-hidden="true"
    class="lucide lucide-plus size-4 shrink-0"
    fill="none"
    height="24"
    stroke="currentColor"
    stroke-linecap="round"
    stroke-linejoin="round"
    stroke-width="2"
    viewBox="0 0 24 24"
    width="24"
    xmlns="http://www.w3.org/2000/svg"
  >
    <path
      d="M5 12h14"
    />
    <path
      d="M12 5v14"
    />
  </svg>
  New
</button>
`;
