// Vitest Snapshot v1, https://vitest.dev/guide/snapshot.html

exports[`Textarea > renders a <textarea> and matches the default snapshot 1`] = `
<textarea
  class="flex min-h-40 w-full rounded-md border border-input bg-background px-3 py-2 text-xs ring-offset-background placeholder:text-muted-foreground focus-visible:outline-none focus-visible:ring-2 focus-visible:ring-ring focus-visible:ring-offset-2 disabled:cursor-not-allowed disabled:opacity-50 placeholder:text-xs font-sans resize-none!"
/>
`;
